[14:06:05] [INFO] Program: \033[1mYWH-dnv.com\033[0m
[14:06:05] [INFO] Target: \033[1mdnv.com\033[0m
[14:06:05] [INFO] Output: /home/kujen/Bug-Bounty-Script---Web2/YWH-dnv.com/dnv.com/2026-02-09_140605
[14:06:05] [INFO] Threads: 50 | Rate Limit: 300
[14:06:05] [INFO] Go: go1.24.0
[14:06:06] [INFO] Phase 0 completed (1s)
[14:06:06] [PHASE] Phase 1: Root Domain Intelligence
[14:06:06] [INFO] Running WHOIS lookup...
[14:06:06] [INFO] Running ASN enumeration...
[14:06:08] [INFO] ASN subdomains: 0
[14:06:08] [INFO] IP ranges discovered: 0
[14:06:08] [INFO] Phase 1 completed (2s)
[14:06:08] [PHASE] Phase 2: Passive Subdomain Enumeration
[14:06:08] [INFO] Starting subfinder...
[14:06:08] [INFO] Starting amass passive...
[14:06:08] [INFO] Starting crt.sh lookup...
[14:06:08] [INFO] Starting Wayback Machine lookup...
[14:06:08] [INFO] Starting passive API queries...
[14:06:08] [INFO] No GitHub token provided, skipping GitHub dorking.
[14:06:08] [INFO] Waiting for 5 passive sources to complete...
[14:11:25] [WARN] 1 passive source(s) had issues.
[14:11:25] [INFO]   amass: 57 subdomains
[14:11:25] [INFO]   crtsh: 0 subdomains
[14:11:25] [INFO]   passive_apis: 120 subdomains
[14:11:25] [INFO]   subfinder: 111 subdomains
[14:11:26] [INFO]   wayback: 3 subdomains
[14:11:26] [INFO] Total unique passive subdomains: \033[1m283\033[0m
[14:11:26] [INFO] Phase 2 completed (318s)
[14:11:26] [PHASE] Phase 3: DNS Resolution & Filtering
[14:11:26] [INFO] Resolving 283 subdomains with puredns...
[14:11:57] [INFO] Resolved: 174 alive subdomains
[14:11:57] [INFO] Wildcards: 0
[14:11:57] [INFO] Collecting DNS records with dnsx...
[14:12:22] [INFO] CNAME records: 281
[14:12:22] [INFO] Phase 3 completed (56s)
[14:12:22] [PHASE] Phase 4: Active Discovery (Bruteforce + Permutations)
[14:12:22] [INFO] Bruteforcing subdomains with puredns...
[14:19:28] [INFO] Bruteforce found: 86 subdomains
[14:19:28] [INFO] Generating permutations with alterx...
[14:19:30] [INFO] Resolving 138052 permutation candidates...
[14:27:45] [INFO] Permutations resolved: 73
[14:27:45] [INFO] Phase 4 completed (923s)
[14:27:45] [PHASE] Merging Master Subdomain List
[14:27:45] [INFO] Master subdomain list: \033[1m282\033[0m unique live subdomains
[14:27:45] [PHASE] Phase 5: Port Scanning
[14:27:45] [INFO] Scanning ports on 282 hosts with naabu...
[15:01:37] [INFO] Open ports found: 2557 host:port entries
[15:01:37] [INFO] Hosts with open ports: 270
[15:01:37] [INFO] Phase 5 completed (2032s)
[15:01:37] [PHASE] Phase 6: Web Probing
[15:01:37] [INFO] Probing 2839 targets with httpx...
[15:01:40] [INFO] Web assets found: 0
[15:01:40] [INFO] Phase 6 completed (3s)
[15:01:40] [PHASE] Phase 7: Content Discovery
[15:01:40] [WARN] No live URLs for content discovery.
[15:01:40] [WARN] Phase 7 finished with issues (0s)
[15:01:40] [PHASE] Phase 8: Vulnerability Scanning
[15:01:40] [WARN] No live URLs for vulnerability scanning.
[15:01:40] [WARN] Phase 8 finished with issues (0s)
[15:01:40] [PHASE] Phase 9: Certstream Monitor (Background)
[15:01:40] [WARN] websocket-client not installed. Installing...
[15:01:40] [WARN] Could not install websocket-client. Skipping certstream.
[15:01:40] [WARN] Phase 9 finished with issues (0s)
[15:01:40] [PHASE] Phase 10: Reporting & Summary
[15:01:40] [INFO] Generating consolidated domain report...
[15:01:40] [INFO] Consolidated report saved: \033[1mdnv.com_consolidated_report.txt\033[0m
[15:01:40] [INFO] Full path: /home/kujen/Bug-Bounty-Script---Web2/YWH-dnv.com/dnv.com/2026-02-09_140605/dnv.com_consolidated_report.txt
[15:01:41] [INFO] Phase 10 completed (0s)
[15:01:41] [INFO] All phases complete for dnv.com. Results in: \033[1m/home/kujen/Bug-Bounty-Script---Web2/YWH-dnv.com/dnv.com/2026-02-09_140605\033[0m
[15:01:41] [PHASE] Domain 2/28: dnv.ae
[15:01:41] [PHASE] Phase 0: Setup & Dependencies
