[18:44:36] [INFO] Program: \033[1mYWH-Grawe\033[0m
[18:44:36] [INFO] Target: \033[1mwww.grawe.ro\033[0m
[18:44:36] [INFO] Output: /home/kujen/Bug-Bounty-Script---Web2/YWH-Grawe/www.grawe.ro/2026-02-17_184436
[18:44:36] [INFO] Threads: 50 | Rate Limit: 300
[18:44:36] [INFO] Go: go1.24.0
[18:44:36] [INFO] Phase 0 completed (0s)
[18:44:36] [PHASE] Phase 1: Root Domain Intelligence
[18:44:36] [INFO] Running WHOIS lookup...
[18:44:36] [INFO] Running ASN enumeration...
[18:44:38] [INFO] ASN subdomains: 0
[18:44:38] [INFO] IP ranges discovered: 0
[18:44:38] [INFO] Phase 1 completed (2s)
[18:44:38] [PHASE] Phase 2: Passive Subdomain Enumeration
[18:44:38] [INFO] Starting subfinder...
[18:44:38] [INFO] Starting amass passive...
[18:44:38] [INFO] Starting crt.sh lookup...
[18:44:38] [INFO] Starting Wayback Machine lookup...
[18:44:38] [INFO] Starting passive API queries...
[18:44:38] [INFO] No GitHub token provided, skipping GitHub dorking.
[18:44:38] [INFO] Waiting for 5 passive sources to complete...
[18:45:21] [INFO]   amass: 2 subdomains
[18:45:21] [INFO]   crtsh: 1 subdomains
[18:45:21] [INFO]   passive_apis: 1 subdomains
[18:45:21] [INFO]   subfinder: 0 subdomains
[18:45:21] [INFO]   wayback: 1 subdomains
[18:45:21] [INFO] Total unique passive subdomains: \033[1m2\033[0m
[18:45:21] [INFO] Phase 2 completed (43s)
[18:45:21] [PHASE] Phase 3: DNS Resolution & Filtering
[18:45:21] [INFO] Resolving 2 subdomains with puredns...
[18:45:48] [INFO] Resolved: 0 alive subdomains
[18:45:48] [INFO] Wildcards: 0
[18:45:48] [INFO] Phase 3 completed (27s)
[18:45:48] [PHASE] Phase 4: Active Discovery (Bruteforce + Permutations)
[18:45:48] [INFO] Bruteforcing subdomains with puredns...
[18:55:32] [INFO] Bruteforce found: 0 subdomains
[18:55:32] [INFO] Phase 4 completed (584s)
[18:55:32] [PHASE] Merging Master Subdomain List
[18:55:32] [INFO] Master subdomain list: \033[1m0\033[0m unique live subdomains
[18:55:32] [PHASE] Phase 5: Port Scanning
[18:55:32] [WARN] No subdomains to port scan.
[18:55:32] [WARN] Phase 5 finished with issues (0s)
[18:55:32] [PHASE] Phase 6: Web Probing
[18:55:32] [WARN] No subdomains to probe.
[18:55:32] [WARN] Phase 6 finished with issues (0s)
[18:55:32] [PHASE] Phase 7: Content Discovery
[18:55:32] [WARN] No live URLs for content discovery.
[18:55:32] [WARN] Phase 7 finished with issues (0s)
[18:55:32] [PHASE] Phase 8: Vulnerability Scanning
[18:55:32] [WARN] No live URLs for vulnerability scanning.
[18:55:32] [WARN] Phase 8 finished with issues (0s)
[18:55:32] [PHASE] Phase 9: Certstream Monitor (Background)
[18:55:33] [INFO] Starting certstream monitor in background (60s sample)...
[18:55:33] [INFO] Certstream PID: 28120 (output: /home/kujen/Bug-Bounty-Script---Web2/YWH-Grawe/www.grawe.ro/2026-02-17_184436/phase2_passive/certstream.txt)
[18:55:33] [INFO] To run indefinitely later: python3 /home/kujen/Bug-Bounty-Script---Web2/helpers/certstream_monitor.py --domains www.grawe.ro -o certs.txt
[18:55:33] [INFO] Phase 9 completed (1s)
[18:55:33] [PHASE] Phase 10: Reporting & Summary
[18:55:33] [INFO] Waiting for certstream monitor to finish (max 90s)...
[18:56:33] [INFO] Generating consolidated domain report...
[18:56:33] [INFO] Consolidated report saved: \033[1mwww.grawe.ro_consolidated_report.txt\033[0m
[18:56:33] [INFO] Full path: /home/kujen/Bug-Bounty-Script---Web2/YWH-Grawe/www.grawe.ro/2026-02-17_184436/www.grawe.ro_consolidated_report.txt
[18:56:33] [INFO] Phase 10 completed (60s)
[18:56:33] [INFO] All phases complete for www.grawe.ro. Results in: \033[1m/home/kujen/Bug-Bounty-Script---Web2/YWH-Grawe/www.grawe.ro/2026-02-17_184436\033[0m
[18:56:33] [PHASE] Domain 12/24: www.grawe.rs
[18:56:33] [PHASE] Phase 0: Setup & Dependencies
