[15:10:29] [INFO] Program: \033[1mYWH-dnv.com\033[0m
[15:10:29] [INFO] Target: \033[1mdnv.pl\033[0m
[15:10:29] [INFO] Output: /home/kujen/Bug-Bounty-Script---Web2/YWH-dnv.com/dnv.pl/2026-02-10_151029
[15:10:29] [INFO] Threads: 50 | Rate Limit: 300
[15:10:29] [INFO] Go: go1.24.0
[15:10:30] [INFO] Phase 0 completed (1s)
[15:10:30] [PHASE] Phase 1: Root Domain Intelligence
[15:10:30] [INFO] Running WHOIS lookup...
[15:10:30] [INFO] Running ASN enumeration...
[15:10:40] [INFO] ASN subdomains: 0
[15:10:40] [INFO] IP ranges discovered: 0
[15:10:40] [INFO] Phase 1 completed (10s)
[15:10:40] [PHASE] Phase 2: Passive Subdomain Enumeration
[15:10:40] [INFO] Starting subfinder...
[15:10:40] [INFO] Starting amass passive...
[15:10:40] [INFO] Starting crt.sh lookup...
[15:10:40] [INFO] Starting Wayback Machine lookup...
[15:10:40] [INFO] Starting passive API queries...
[15:10:40] [INFO] No GitHub token provided, skipping GitHub dorking.
[15:10:40] [INFO] Waiting for 5 passive sources to complete...
[15:11:22] [INFO]   amass: 1 subdomains
[15:11:22] [INFO]   crtsh: 0 subdomains
[15:11:22] [INFO]   passive_apis: 0 subdomains
[15:11:22] [INFO]   subfinder: 0 subdomains
[15:11:22] [INFO]   wayback: 0 subdomains
[15:11:22] [INFO] Total unique passive subdomains: \033[1m1\033[0m
[15:11:22] [INFO] Phase 2 completed (42s)
[15:11:22] [PHASE] Phase 3: DNS Resolution & Filtering
[15:11:22] [INFO] Resolving 1 subdomains with puredns...
[15:11:48] [INFO] Resolved: 0 alive subdomains
[15:11:48] [INFO] Wildcards: 0
[15:11:48] [INFO] Phase 3 completed (26s)
[15:11:48] [PHASE] Phase 4: Active Discovery (Bruteforce + Permutations)
[15:11:48] [INFO] Bruteforcing subdomains with puredns...
[15:39:09] [INFO] Bruteforce found: 0 subdomains
[15:39:09] [INFO] Phase 4 completed (1641s)
[15:39:09] [PHASE] Merging Master Subdomain List
[15:39:09] [INFO] Master subdomain list: \033[1m0\033[0m unique live subdomains
[15:39:09] [PHASE] Phase 5: Port Scanning
[15:39:09] [WARN] No subdomains to port scan.
[15:39:09] [WARN] Phase 5 finished with issues (0s)
[15:39:09] [PHASE] Phase 6: Web Probing
[15:39:09] [WARN] No subdomains to probe.
[15:39:09] [WARN] Phase 6 finished with issues (0s)
[15:39:09] [PHASE] Phase 7: Content Discovery
[15:39:09] [WARN] No live URLs for content discovery.
[15:39:09] [WARN] Phase 7 finished with issues (0s)
[15:39:09] [PHASE] Phase 8: Vulnerability Scanning
[15:39:09] [WARN] No live URLs for vulnerability scanning.
[15:39:09] [WARN] Phase 8 finished with issues (0s)
[15:39:09] [PHASE] Phase 9: Certstream Monitor (Background)
[15:39:09] [INFO] Starting certstream monitor in background (60s sample)...
[15:39:09] [INFO] Certstream PID: 44652 (output: /home/kujen/Bug-Bounty-Script---Web2/YWH-dnv.com/dnv.pl/2026-02-10_151029/phase2_passive/certstream.txt)
[15:39:09] [INFO] To run indefinitely later: python3 /home/kujen/Bug-Bounty-Script---Web2/helpers/certstream_monitor.py --domains dnv.pl -o certs.txt
[15:39:09] [INFO] Phase 9 completed (0s)
[15:39:09] [PHASE] Phase 10: Reporting & Summary
[15:39:09] [INFO] Waiting for certstream monitor to finish (max 90s)...
[15:40:10] [INFO] Generating consolidated domain report...
[15:40:10] [INFO] Consolidated report saved: \033[1mdnv.pl_consolidated_report.txt\033[0m
[15:40:10] [INFO] Full path: /home/kujen/Bug-Bounty-Script---Web2/YWH-dnv.com/dnv.pl/2026-02-10_151029/dnv.pl_consolidated_report.txt
[15:40:10] [INFO] Phase 10 completed (61s)
[15:40:10] [INFO] All phases complete for dnv.pl. Results in: \033[1m/home/kujen/Bug-Bounty-Script---Web2/YWH-dnv.com/dnv.pl/2026-02-10_151029\033[0m
[15:40:10] [PHASE] Domain 9/12: dnv.sg
[15:40:10] [PHASE] Phase 0: Setup & Dependencies
