[19:45:23] [INFO] Program: \033[1mYWH-Grawe\033[0m
[19:45:23] [INFO] Target: \033[1mwww.hypo-versicherung.at\033[0m
[19:45:23] [INFO] Output: /home/kujen/Bug-Bounty-Script---Web2/YWH-Grawe/www.hypo-versicherung.at/2026-02-17_194523
[19:45:23] [INFO] Threads: 50 | Rate Limit: 300
[19:45:23] [INFO] Go: go1.24.0
[19:45:23] [INFO] Phase 0 completed (0s)
[19:45:23] [PHASE] Phase 1: Root Domain Intelligence
[19:45:23] [INFO] Running WHOIS lookup...
[19:45:23] [INFO] Running ASN enumeration...
[19:45:25] [INFO] ASN subdomains: 0
[19:45:25] [INFO] IP ranges discovered: 0
[19:45:25] [INFO] Phase 1 completed (2s)
[19:45:25] [PHASE] Phase 2: Passive Subdomain Enumeration
[19:45:25] [INFO] Starting subfinder...
[19:45:25] [INFO] Starting amass passive...
[19:45:25] [INFO] Starting crt.sh lookup...
[19:45:25] [INFO] Starting Wayback Machine lookup...
[19:45:25] [INFO] Starting passive API queries...
[19:45:25] [INFO] No GitHub token provided, skipping GitHub dorking.
[19:45:25] [INFO] Waiting for 5 passive sources to complete...
[19:46:09] [INFO]   amass: 2 subdomains
[19:46:09] [INFO]   crtsh: 1 subdomains
[19:46:09] [INFO]   passive_apis: 1 subdomains
[19:46:09] [INFO]   subfinder: 0 subdomains
[19:46:09] [INFO]   wayback: 0 subdomains
[19:46:09] [INFO] Total unique passive subdomains: \033[1m2\033[0m
[19:46:09] [INFO] Phase 2 completed (44s)
[19:46:09] [PHASE] Phase 3: DNS Resolution & Filtering
[19:46:09] [INFO] Resolving 2 subdomains with puredns...
[19:46:11] [INFO] Resolved: 1 alive subdomains
[19:46:11] [INFO] Wildcards: 0
[19:46:11] [INFO] Collecting DNS records with dnsx...
[19:46:15] [INFO] CNAME records: 0
[19:46:15] [INFO] Phase 3 completed (6s)
[19:46:15] [PHASE] Phase 4: Active Discovery (Bruteforce + Permutations)
[19:46:15] [INFO] Bruteforcing subdomains with puredns...
[19:52:57] [INFO] Bruteforce found: 0 subdomains
[19:52:57] [INFO] Generating permutations with alterx...
[19:52:57] [INFO] Resolving 690 permutation candidates...
[19:53:06] [INFO] Permutations resolved: 1
[19:53:06] [INFO] Phase 4 completed (411s)
[19:53:06] [PHASE] Merging Master Subdomain List
[19:53:06] [INFO] Master subdomain list: \033[1m1\033[0m unique live subdomains
[19:53:06] [PHASE] Phase 5: Port Scanning
[19:53:06] [INFO] Scanning ports on 1 hosts with naabu...
[19:53:22] [INFO] Open ports found: 2 host:port entries
[19:53:22] [INFO] Hosts with open ports: 1
[19:53:22] [INFO] Phase 5 completed (16s)
[19:53:22] [PHASE] Phase 6: Web Probing
[19:53:22] [INFO] Probing 3 targets with httpx...
[19:53:26] [INFO] Web assets found: 3
[19:53:27] [INFO]   200 OK: 3
[19:53:27] [INFO]   403 Forbidden: 0
[19:53:27] [INFO]   Other status codes also categorized in by_status/
[19:53:27] [INFO] Phase 6 completed (5s)
[19:53:27] [PHASE] Phase 7: Content Discovery
[19:53:27] [INFO] Starting katana crawl...
[19:53:27] [INFO] Starting gau historical URL fetch...
[19:53:53] [INFO] Katana URLs: 94
[19:53:53] [INFO] GAU URLs: 1154
[19:53:53] [INFO] Total unique URLs: 1204
[19:53:53] [INFO] JavaScript files: 15
[19:53:53] [INFO] Analyzing 15 JavaScript files for endpoints, secrets, and URLs...
[19:54:14] [INFO]   Endpoints: 0
[19:54:14] [INFO]   URLs: 0
[19:54:14] [INFO]   Secrets: 0
[19:54:14] [INFO]   Emails: 0
[19:54:14] [INFO]   Files: 0
[19:54:14] [INFO] Phase 7 completed (47s)
[19:54:14] [PHASE] Phase 8: Vulnerability Scanning
[19:54:14] [INFO] Running nuclei on 3 live URLs...
[19:54:14] [INFO] Total findings: 0
[19:54:14] [INFO] Phase 8 completed (0s)
[19:54:14] [PHASE] Phase 9: Certstream Monitor (Background)
[19:54:15] [INFO] Starting certstream monitor in background (60s sample)...
[19:54:15] [INFO] Certstream PID: 34130 (output: /home/kujen/Bug-Bounty-Script---Web2/YWH-Grawe/www.hypo-versicherung.at/2026-02-17_194523/phase2_passive/certstream.txt)
[19:54:15] [INFO] To run indefinitely later: python3 /home/kujen/Bug-Bounty-Script---Web2/helpers/certstream_monitor.py --domains www.hypo-versicherung.at -o certs.txt
[19:54:15] [INFO] Phase 9 completed (1s)
[19:54:15] [PHASE] Phase 10: Reporting & Summary
[19:54:15] [INFO] Waiting for certstream monitor to finish (max 90s)...
[19:55:15] [INFO] Generating consolidated domain report...
[19:55:15] [INFO] Consolidated report saved: \033[1mwww.hypo-versicherung.at_consolidated_report.txt\033[0m
[19:55:15] [INFO] Full path: /home/kujen/Bug-Bounty-Script---Web2/YWH-Grawe/www.hypo-versicherung.at/2026-02-17_194523/www.hypo-versicherung.at_consolidated_report.txt
[19:55:15] [INFO] Phase 10 completed (60s)
[19:55:15] [INFO] All phases complete for www.hypo-versicherung.at. Results in: \033[1m/home/kujen/Bug-Bounty-Script---Web2/YWH-Grawe/www.hypo-versicherung.at/2026-02-17_194523\033[0m
[19:55:15] [PHASE] Domain 18/24: portal.medlife.net
[19:55:15] [PHASE] Phase 0: Setup & Dependencies
