[12:54:20] [INFO] Program: \033[1mYWH-KIWAÏ\033[0m
[12:54:20] [INFO] Target: \033[1mppr.kiwai-enr.fr\033[0m
[12:54:20] [INFO] Output: /home/kujen/Bug-Bounty-Script---Web2/YWH-KIWAÏ/ppr.kiwai-enr.fr/2026-02-09_125420
[12:54:20] [INFO] Threads: 50 | Rate Limit: 300
[12:54:20] [INFO] Go: go1.24.0
[12:54:21] [INFO] Phase 0 completed (1s)
[12:54:21] [PHASE] Phase 1: Root Domain Intelligence
[12:54:21] [INFO] Running WHOIS lookup...
[12:54:21] [INFO] Running ASN enumeration...
[12:54:23] [INFO] ASN subdomains: 0
[12:54:23] [INFO] IP ranges discovered: 0
[12:54:23] [INFO] Phase 1 completed (2s)
[12:54:23] [PHASE] Phase 2: Passive Subdomain Enumeration
[12:54:23] [INFO] Starting subfinder...
[12:54:23] [INFO] Starting amass passive...
[12:54:23] [INFO] Starting crt.sh lookup...
[12:54:23] [INFO] Starting Wayback Machine lookup...
[12:54:23] [INFO] Starting passive API queries...
[12:54:23] [INFO] No GitHub token provided, skipping GitHub dorking.
[12:54:23] [INFO] Waiting for 5 passive sources to complete...
[12:55:51] [INFO]   amass: 0 subdomains
[12:55:51] [INFO]   crtsh: 1 subdomains
[12:55:51] [INFO]   passive_apis: 0 subdomains
[12:55:51] [INFO]   subfinder: 1 subdomains
[12:55:51] [INFO]   wayback: 1 subdomains
[12:55:51] [INFO] Total unique passive subdomains: \033[1m2\033[0m
[12:55:51] [INFO] Phase 2 completed (88s)
[12:55:51] [PHASE] Phase 3: DNS Resolution & Filtering
[12:55:51] [INFO] Resolving 2 subdomains with puredns...
[12:55:54] [INFO] Resolved: 1 alive subdomains
[12:55:54] [INFO] Wildcards: 0
[12:55:54] [INFO] Collecting DNS records with dnsx...
[12:56:07] [INFO] CNAME records: 0
[12:56:07] [INFO] Phase 3 completed (16s)
[12:56:07] [PHASE] Phase 4: Active Discovery (Bruteforce + Permutations)
[12:56:07] [INFO] Bruteforcing subdomains with puredns...
[13:03:22] [INFO] Bruteforce found: 1 subdomains
[13:03:22] [INFO] Generating permutations with alterx...
[13:03:24] [INFO] Resolving 690 permutation candidates...
[13:04:04] [INFO] Permutations resolved: 1
[13:04:04] [INFO] Phase 4 completed (477s)
[13:04:04] [PHASE] Merging Master Subdomain List
[13:04:04] [INFO] Master subdomain list: \033[1m1\033[0m unique live subdomains
[13:04:04] [PHASE] Phase 5: Port Scanning
[13:04:04] [INFO] Scanning ports on 1 hosts with naabu...
[13:04:21] [INFO] Open ports found: 2 host:port entries
[13:04:21] [INFO] Hosts with open ports: 1
[13:04:21] [INFO] Phase 5 completed (17s)
[13:04:21] [PHASE] Phase 6: Web Probing
[13:04:21] [INFO] Probing 3 targets with httpx...
[13:04:23] [INFO] Web assets found: 0
[13:04:23] [INFO] Phase 6 completed (2s)
[13:04:23] [PHASE] Phase 7: Content Discovery
[13:04:23] [WARN] No live URLs for content discovery.
[13:04:23] [WARN] Phase 7 finished with issues (0s)
[13:04:23] [PHASE] Phase 8: Vulnerability Scanning
[13:04:23] [WARN] No live URLs for vulnerability scanning.
[13:04:23] [WARN] Phase 8 finished with issues (0s)
[13:04:23] [PHASE] Phase 9: Certstream Monitor (Background)
[13:04:23] [WARN] websocket-client not installed. Installing...
[13:04:24] [WARN] Could not install websocket-client. Skipping certstream.
[13:04:24] [WARN] Phase 9 finished with issues (1s)
[13:04:24] [PHASE] Phase 10: Reporting & Summary
[13:04:24] [INFO] Generating consolidated domain report...
[13:04:24] [INFO] Consolidated report saved: \033[1mppr.kiwai-enr.fr_consolidated_report.txt\033[0m
[13:04:24] [INFO] Full path: /home/kujen/Bug-Bounty-Script---Web2/YWH-KIWAÏ/ppr.kiwai-enr.fr/2026-02-09_125420/ppr.kiwai-enr.fr_consolidated_report.txt
[13:04:24] [INFO] Phase 10 completed (0s)
[13:04:24] [INFO] All phases complete for ppr.kiwai-enr.fr. Results in: \033[1m/home/kujen/Bug-Bounty-Script---Web2/YWH-KIWAÏ/ppr.kiwai-enr.fr/2026-02-09_125420\033[0m
[13:04:24] [PHASE] Domain 3/5: kiwai-enr.fr
[13:04:24] [PHASE] Phase 0: Setup & Dependencies
