[17:54:53] [INFO] Program: \033[1mYWH-dnv.com\033[0m
[17:54:53] [INFO] Target: \033[1mdnv.fi\033[0m
[17:54:53] [INFO] Output: /home/kujen/Bug-Bounty-Script---Web2/YWH-dnv.com/dnv.fi/2026-02-09_175453
[17:54:53] [INFO] Threads: 50 | Rate Limit: 300
[17:54:53] [INFO] Go: go1.24.0
[17:54:54] [INFO] Phase 0 completed (1s)
[17:54:54] [PHASE] Phase 1: Root Domain Intelligence
[17:54:54] [INFO] Running WHOIS lookup...
[17:54:54] [INFO] Running ASN enumeration...
[17:54:55] [INFO] ASN subdomains: 0
[17:54:55] [INFO] IP ranges discovered: 0
[17:54:56] [INFO] Phase 1 completed (2s)
[17:54:56] [PHASE] Phase 2: Passive Subdomain Enumeration
[17:54:56] [INFO] Starting subfinder...
[17:54:56] [INFO] Starting amass passive...
[17:54:56] [INFO] Starting crt.sh lookup...
[17:54:56] [INFO] Starting Wayback Machine lookup...
[17:54:56] [INFO] Starting passive API queries...
[17:54:56] [INFO] No GitHub token provided, skipping GitHub dorking.
[17:54:56] [INFO] Waiting for 5 passive sources to complete...
[17:56:23] [INFO]   amass: 0 subdomains
[17:56:23] [INFO]   crtsh: 2 subdomains
[17:56:23] [INFO]   passive_apis: 1 subdomains
[17:56:23] [INFO]   subfinder: 3 subdomains
[17:56:23] [INFO]   wayback: 0 subdomains
[17:56:23] [INFO] Total unique passive subdomains: \033[1m4\033[0m
[17:56:23] [INFO] Phase 2 completed (87s)
[17:56:23] [PHASE] Phase 3: DNS Resolution & Filtering
[17:56:23] [INFO] Resolving 4 subdomains with puredns...
[17:56:49] [INFO] Resolved: 0 alive subdomains
[17:56:49] [INFO] Wildcards: 0
[17:56:49] [INFO] Phase 3 completed (26s)
[17:56:49] [PHASE] Phase 4: Active Discovery (Bruteforce + Permutations)
[17:56:49] [INFO] Bruteforcing subdomains with puredns...
[18:03:47] [INFO] Bruteforce found: 0 subdomains
[18:03:47] [INFO] Phase 4 completed (418s)
[18:03:47] [PHASE] Merging Master Subdomain List
[18:03:47] [INFO] Master subdomain list: \033[1m0\033[0m unique live subdomains
[18:03:47] [PHASE] Phase 5: Port Scanning
[18:03:47] [WARN] No subdomains to port scan.
[18:03:47] [WARN] Phase 5 finished with issues (0s)
[18:03:47] [PHASE] Phase 6: Web Probing
[18:03:47] [WARN] No subdomains to probe.
[18:03:47] [WARN] Phase 6 finished with issues (0s)
[18:03:47] [PHASE] Phase 7: Content Discovery
[18:03:47] [WARN] No live URLs for content discovery.
[18:03:47] [WARN] Phase 7 finished with issues (0s)
[18:03:47] [PHASE] Phase 8: Vulnerability Scanning
[18:03:47] [WARN] No live URLs for vulnerability scanning.
[18:03:47] [WARN] Phase 8 finished with issues (0s)
[18:03:47] [PHASE] Phase 9: Certstream Monitor (Background)
[18:03:47] [WARN] websocket-client not installed. Installing...
[18:03:48] [WARN] Could not install websocket-client. Skipping certstream.
[18:03:48] [WARN] Phase 9 finished with issues (1s)
[18:03:48] [PHASE] Phase 10: Reporting & Summary
[18:03:48] [INFO] Generating consolidated domain report...
[18:03:48] [INFO] Consolidated report saved: \033[1mdnv.fi_consolidated_report.txt\033[0m
[18:03:48] [INFO] Full path: /home/kujen/Bug-Bounty-Script---Web2/YWH-dnv.com/dnv.fi/2026-02-09_175453/dnv.fi_consolidated_report.txt
[18:03:48] [INFO] Phase 10 completed (0s)
[18:03:48] [INFO] All phases complete for dnv.fi. Results in: \033[1m/home/kujen/Bug-Bounty-Script---Web2/YWH-dnv.com/dnv.fi/2026-02-09_175453\033[0m
[18:03:48] [PHASE] Domain 15/28: dnv.fr
[18:03:48] [PHASE] Phase 0: Setup & Dependencies
