[18:32:20] [INFO] Program: \033[1mYWH-Grawe\033[0m
[18:32:20] [INFO] Target: \033[1mwww.grawe.mk\033[0m
[18:32:20] [INFO] Output: /home/kujen/Bug-Bounty-Script---Web2/YWH-Grawe/www.grawe.mk/2026-02-17_183220
[18:32:20] [INFO] Threads: 50 | Rate Limit: 300
[18:32:20] [INFO] Go: go1.24.0
[18:32:20] [INFO] Phase 0 completed (0s)
[18:32:20] [PHASE] Phase 1: Root Domain Intelligence
[18:32:20] [INFO] Running WHOIS lookup...
[18:32:20] [INFO] Running ASN enumeration...
[18:32:22] [INFO] ASN subdomains: 0
[18:32:22] [INFO] IP ranges discovered: 0
[18:32:22] [INFO] Phase 1 completed (2s)
[18:32:22] [PHASE] Phase 2: Passive Subdomain Enumeration
[18:32:22] [INFO] Starting subfinder...
[18:32:22] [INFO] Starting amass passive...
[18:32:22] [INFO] Starting crt.sh lookup...
[18:32:22] [INFO] Starting Wayback Machine lookup...
[18:32:22] [INFO] Starting passive API queries...
[18:32:22] [INFO] No GitHub token provided, skipping GitHub dorking.
[18:32:22] [INFO] Waiting for 5 passive sources to complete...
[18:34:07] [INFO]   amass: 2 subdomains
[18:34:07] [INFO]   crtsh: 0 subdomains
[18:34:07] [INFO]   passive_apis: 0 subdomains
[18:34:07] [INFO]   subfinder: 0 subdomains
[18:34:07] [INFO]   wayback: 1 subdomains
[18:34:07] [INFO] Total unique passive subdomains: \033[1m2\033[0m
[18:34:07] [INFO] Phase 2 completed (105s)
[18:34:07] [PHASE] Phase 3: DNS Resolution & Filtering
[18:34:07] [INFO] Resolving 2 subdomains with puredns...
[18:34:33] [INFO] Resolved: 0 alive subdomains
[18:34:33] [INFO] Wildcards: 0
[18:34:33] [INFO] Phase 3 completed (26s)
[18:34:33] [PHASE] Phase 4: Active Discovery (Bruteforce + Permutations)
[18:34:33] [INFO] Bruteforcing subdomains with puredns...
[18:43:36] [INFO] Bruteforce found: 0 subdomains
[18:43:36] [INFO] Phase 4 completed (543s)
[18:43:36] [PHASE] Merging Master Subdomain List
[18:43:36] [INFO] Master subdomain list: \033[1m0\033[0m unique live subdomains
[18:43:36] [PHASE] Phase 5: Port Scanning
[18:43:36] [WARN] No subdomains to port scan.
[18:43:36] [WARN] Phase 5 finished with issues (0s)
[18:43:36] [PHASE] Phase 6: Web Probing
[18:43:36] [WARN] No subdomains to probe.
[18:43:36] [WARN] Phase 6 finished with issues (0s)
[18:43:36] [PHASE] Phase 7: Content Discovery
[18:43:36] [WARN] No live URLs for content discovery.
[18:43:36] [WARN] Phase 7 finished with issues (0s)
[18:43:36] [PHASE] Phase 8: Vulnerability Scanning
[18:43:36] [WARN] No live URLs for vulnerability scanning.
[18:43:36] [WARN] Phase 8 finished with issues (0s)
[18:43:36] [PHASE] Phase 9: Certstream Monitor (Background)
[18:43:36] [INFO] Starting certstream monitor in background (60s sample)...
[18:43:36] [INFO] Certstream PID: 27321 (output: /home/kujen/Bug-Bounty-Script---Web2/YWH-Grawe/www.grawe.mk/2026-02-17_183220/phase2_passive/certstream.txt)
[18:43:36] [INFO] To run indefinitely later: python3 /home/kujen/Bug-Bounty-Script---Web2/helpers/certstream_monitor.py --domains www.grawe.mk -o certs.txt
[18:43:36] [INFO] Phase 9 completed (0s)
[18:43:36] [PHASE] Phase 10: Reporting & Summary
[18:43:36] [INFO] Waiting for certstream monitor to finish (max 90s)...
[18:44:36] [INFO] Generating consolidated domain report...
[18:44:36] [INFO] Consolidated report saved: \033[1mwww.grawe.mk_consolidated_report.txt\033[0m
[18:44:36] [INFO] Full path: /home/kujen/Bug-Bounty-Script---Web2/YWH-Grawe/www.grawe.mk/2026-02-17_183220/www.grawe.mk_consolidated_report.txt
[18:44:36] [INFO] Phase 10 completed (60s)
[18:44:36] [INFO] All phases complete for www.grawe.mk. Results in: \033[1m/home/kujen/Bug-Bounty-Script---Web2/YWH-Grawe/www.grawe.mk/2026-02-17_183220\033[0m
[18:44:36] [PHASE] Domain 11/24: www.grawe.ro
[18:44:36] [PHASE] Phase 0: Setup & Dependencies
