[18:23:44] [INFO] Program: \033[1mYWH-dnv.com\033[0m
[18:23:44] [INFO] Target: \033[1mdnv.hu\033[0m
[18:23:44] [INFO] Output: /home/kujen/Bug-Bounty-Script---Web2/YWH-dnv.com/dnv.hu/2026-02-09_182344
[18:23:44] [INFO] Threads: 50 | Rate Limit: 300
[18:23:44] [INFO] Go: go1.24.0
[18:23:45] [INFO] Phase 0 completed (1s)
[18:23:45] [PHASE] Phase 1: Root Domain Intelligence
[18:23:45] [INFO] Running WHOIS lookup...
[18:23:45] [INFO] Running ASN enumeration...
[18:23:47] [INFO] ASN subdomains: 0
[18:23:47] [INFO] IP ranges discovered: 0
[18:23:47] [INFO] Phase 1 completed (2s)
[18:23:47] [PHASE] Phase 2: Passive Subdomain Enumeration
[18:23:47] [INFO] Starting subfinder...
[18:23:47] [INFO] Starting amass passive...
[18:23:47] [INFO] Starting crt.sh lookup...
[18:23:47] [INFO] Starting Wayback Machine lookup...
[18:23:47] [INFO] Starting passive API queries...
[18:23:47] [INFO] No GitHub token provided, skipping GitHub dorking.
[18:23:47] [INFO] Waiting for 5 passive sources to complete...
