[20:44:24] [INFO] Program: \033[1mYWH-Grawe\033[0m
[20:44:24] [INFO] Target: \033[1msalesapp.grawe.hu/api\033[0m
[20:44:24] [INFO] Output: /home/kujen/Bug-Bounty-Script---Web2/YWH-Grawe/salesapp.grawe.hu/api/2026-02-17_204424
[20:44:24] [INFO] Threads: 50 | Rate Limit: 300
[20:44:24] [INFO] Go: go1.24.0
[20:44:24] [INFO] Phase 0 completed (0s)
[20:44:24] [PHASE] Phase 1: Root Domain Intelligence
[20:44:24] [INFO] Running WHOIS lookup...
[20:44:24] [INFO] Running ASN enumeration...
[20:44:24] [INFO] ASN subdomains: 0
[20:44:24] [INFO] IP ranges discovered: 0
[20:44:24] [INFO] Phase 1 completed (0s)
[20:44:24] [PHASE] Phase 2: Passive Subdomain Enumeration
[20:44:24] [INFO] Starting subfinder...
[20:44:25] [INFO] Starting amass passive...
[20:44:25] [INFO] Starting crt.sh lookup...
[20:44:25] [INFO] Starting Wayback Machine lookup...
[20:44:25] [INFO] Starting passive API queries...
[20:44:25] [INFO] No GitHub token provided, skipping GitHub dorking.
[20:44:25] [INFO] Waiting for 5 passive sources to complete...
[20:45:25] [INFO]   amass: 0 subdomains
[20:45:25] [INFO]   crtsh: 0 subdomains
[20:45:25] [INFO]   passive_apis: 0 subdomains
[20:45:25] [INFO]   subfinder: 0 subdomains
[20:45:25] [INFO]   wayback: 0 subdomains
[20:45:25] [INFO] Total unique passive subdomains: \033[1m0\033[0m
[20:45:25] [INFO] Phase 2 completed (61s)
[20:45:25] [PHASE] Phase 3: DNS Resolution & Filtering
[20:45:25] [WARN] No passive subdomains to resolve.
[20:45:25] [WARN] Phase 3 finished with issues (0s)
[20:45:25] [PHASE] Phase 4: Active Discovery (Bruteforce + Permutations)
[20:45:25] [INFO] Bruteforcing subdomains with puredns...
[20:52:30] [INFO] Bruteforce found: 0 subdomains
[20:52:30] [INFO] Phase 4 completed (425s)
[20:52:30] [PHASE] Merging Master Subdomain List
[20:52:30] [INFO] Master subdomain list: \033[1m0\033[0m unique live subdomains
[20:52:30] [PHASE] Phase 5: Port Scanning
[20:52:30] [WARN] No subdomains to port scan.
[20:52:30] [WARN] Phase 5 finished with issues (0s)
[20:52:30] [PHASE] Phase 6: Web Probing
[20:52:30] [WARN] No subdomains to probe.
[20:52:30] [WARN] Phase 6 finished with issues (0s)
[20:52:30] [PHASE] Phase 7: Content Discovery
[20:52:30] [WARN] No live URLs for content discovery.
[20:52:30] [WARN] Phase 7 finished with issues (0s)
[20:52:30] [PHASE] Phase 8: Vulnerability Scanning
[20:52:30] [WARN] No live URLs for vulnerability scanning.
[20:52:30] [WARN] Phase 8 finished with issues (0s)
[20:52:30] [PHASE] Phase 9: Certstream Monitor (Background)
[20:52:30] [INFO] Starting certstream monitor in background (60s sample)...
[20:52:30] [INFO] Certstream PID: 39101 (output: /home/kujen/Bug-Bounty-Script---Web2/YWH-Grawe/salesapp.grawe.hu/api/2026-02-17_204424/phase2_passive/certstream.txt)
[20:52:30] [INFO] To run indefinitely later: python3 /home/kujen/Bug-Bounty-Script---Web2/helpers/certstream_monitor.py --domains salesapp.grawe.hu/api -o certs.txt
[20:52:30] [INFO] Phase 9 completed (0s)
[20:52:30] [PHASE] Phase 10: Reporting & Summary
[20:52:30] [INFO] Waiting for certstream monitor to finish (max 90s)...
[20:53:30] [INFO] Generating consolidated domain report...
[20:53:30] [INFO] Consolidated report saved: \033[1msalesapp.grawe.hu/api_consolidated_report.txt\033[0m
[20:53:30] [INFO] Full path: /home/kujen/Bug-Bounty-Script---Web2/YWH-Grawe/salesapp.grawe.hu/api/2026-02-17_204424/salesapp.grawe.hu/api_consolidated_report.txt
[20:53:30] [INFO] Phase 10 completed (60s)
[20:53:30] [INFO] All phases complete for salesapp.grawe.hu/api. Results in: \033[1m/home/kujen/Bug-Bounty-Script---Web2/YWH-Grawe/salesapp.grawe.hu/api/2026-02-17_204424\033[0m
[20:53:30] [PHASE] Domain 24/24: eurolink.com.mk
[20:53:30] [PHASE] Phase 0: Setup & Dependencies
