[15:45:52] [INFO] Program: \033[1mYWH-Grawe\033[0m
[15:45:52] [INFO] Target: \033[1mwww.grawe.at\033[0m
[15:45:53] [INFO] Output: /home/kujen/Bug-Bounty-Script---Web2/YWH-Grawe/www.grawe.at/2026-02-17_154552
[15:45:53] [INFO] Threads: 50 | Rate Limit: 300
[15:45:53] [INFO] Go: go1.24.0
[15:45:55] [INFO] Phase 0 completed (3s)
[15:45:55] [PHASE] Phase 1: Root Domain Intelligence
[15:45:55] [INFO] Running WHOIS lookup...
[15:45:55] [INFO] Running ASN enumeration...
[15:45:56] [INFO] ASN subdomains: 0
[15:45:56] [INFO] IP ranges discovered: 0
[15:45:56] [INFO] Phase 1 completed (1s)
[15:45:56] [PHASE] Phase 2: Passive Subdomain Enumeration
[15:45:56] [INFO] Starting subfinder...
[15:45:57] [INFO] Starting amass passive...
[15:45:57] [INFO] Starting crt.sh lookup...
[15:45:57] [INFO] Starting Wayback Machine lookup...
[15:45:57] [INFO] Starting passive API queries...
[15:45:57] [INFO] No GitHub token provided, skipping GitHub dorking.
[15:45:57] [INFO] Waiting for 5 passive sources to complete...
[15:47:04] [INFO]   amass: 2 subdomains
[15:47:04] [INFO]   crtsh: 0 subdomains
[15:47:04] [INFO]   passive_apis: 1 subdomains
[15:47:04] [INFO]   subfinder: 0 subdomains
[15:47:04] [INFO]   wayback: 1 subdomains
[15:47:04] [INFO] Total unique passive subdomains: \033[1m2\033[0m
[15:47:04] [INFO] Phase 2 completed (68s)
[15:47:04] [PHASE] Phase 3: DNS Resolution & Filtering
[15:47:04] [INFO] Resolving 2 subdomains with puredns...
[15:47:06] [INFO] Resolved: 1 alive subdomains
[15:47:06] [INFO] Wildcards: 0
[15:47:06] [INFO] Collecting DNS records with dnsx...
[15:47:09] [INFO] CNAME records: 0
[15:47:09] [INFO] Phase 3 completed (5s)
[15:47:09] [PHASE] Phase 4: Active Discovery (Bruteforce + Permutations)
[15:47:09] [INFO] Bruteforcing subdomains with puredns...
[15:53:51] [INFO] Bruteforce found: 0 subdomains
[15:53:51] [INFO] Generating permutations with alterx...
[15:53:51] [INFO] Resolving 690 permutation candidates...
[15:53:57] [INFO] Permutations resolved: 5
[15:53:57] [INFO] Phase 4 completed (408s)
[15:53:57] [PHASE] Merging Master Subdomain List
[15:53:57] [INFO] Master subdomain list: \033[1m5\033[0m unique live subdomains
[15:53:57] [PHASE] Phase 5: Port Scanning
[15:53:57] [INFO] Scanning ports on 5 hosts with naabu...
[15:54:51] [INFO] Open ports found: 9 host:port entries
[15:54:51] [INFO] Hosts with open ports: 5
[15:54:51] [INFO] Phase 5 completed (54s)
[15:54:51] [PHASE] Phase 6: Web Probing
[15:54:51] [INFO] Probing 14 targets with httpx...
[15:54:58] [INFO] Web assets found: 13
[15:54:58] [INFO]   200 OK: 13
[15:54:58] [INFO]   403 Forbidden: 0
[15:54:58] [INFO]   Other status codes also categorized in by_status/
[15:54:58] [INFO] Phase 6 completed (7s)
[15:54:58] [PHASE] Phase 7: Content Discovery
[15:54:58] [INFO] Starting katana crawl...
[15:54:58] [INFO] Starting gau historical URL fetch...
[15:56:57] [INFO] Katana URLs: 721
[15:56:57] [INFO] GAU URLs: 86038
[15:56:57] [INFO] Total unique URLs: 85910
[15:56:57] [INFO] JavaScript files: 2751
[15:56:57] [INFO] Analyzing 2751 JavaScript files for endpoints, secrets, and URLs...
[17:05:28] [INFO]   Endpoints: 0
[17:05:28] [INFO]   URLs: 0
[17:05:28] [INFO]   Secrets: 0
[17:05:28] [INFO]   Emails: 0
[17:05:28] [INFO]   Files: 0
[17:05:28] [INFO] Phase 7 completed (4230s)
[17:05:28] [PHASE] Phase 8: Vulnerability Scanning
[17:05:28] [INFO] Running nuclei on 13 live URLs...
[17:05:29] [INFO] Total findings: 0
[17:05:29] [INFO] Phase 8 completed (1s)
[17:05:29] [PHASE] Phase 9: Certstream Monitor (Background)
[17:05:29] [INFO] Starting certstream monitor in background (60s sample)...
[17:05:29] [INFO] Certstream PID: 16163 (output: /home/kujen/Bug-Bounty-Script---Web2/YWH-Grawe/www.grawe.at/2026-02-17_154552/phase2_passive/certstream.txt)
[17:05:29] [INFO] To run indefinitely later: python3 /home/kujen/Bug-Bounty-Script---Web2/helpers/certstream_monitor.py --domains www.grawe.at -o certs.txt
[17:05:29] [INFO] Phase 9 completed (0s)
[17:05:29] [PHASE] Phase 10: Reporting & Summary
[17:05:29] [INFO] Waiting for certstream monitor to finish (max 90s)...
[17:06:30] [INFO] Generating consolidated domain report...
[17:06:30] [INFO] Consolidated report saved: \033[1mwww.grawe.at_consolidated_report.txt\033[0m
[17:06:30] [INFO] Full path: /home/kujen/Bug-Bounty-Script---Web2/YWH-Grawe/www.grawe.at/2026-02-17_154552/www.grawe.at_consolidated_report.txt
[17:06:30] [INFO] Phase 10 completed (61s)
[17:06:30] [INFO] All phases complete for www.grawe.at. Results in: \033[1m/home/kujen/Bug-Bounty-Script---Web2/YWH-Grawe/www.grawe.at/2026-02-17_154552\033[0m
[17:06:30] [PHASE] Domain 2/24: www.grawe.ba
[17:06:30] [PHASE] Phase 0: Setup & Dependencies
