[19:27:42] [INFO] Program: \033[1mYWH-Grawe\033[0m
[19:27:42] [INFO] Target: \033[1mwww.medlife.net\033[0m
[19:27:42] [INFO] Output: /home/kujen/Bug-Bounty-Script---Web2/YWH-Grawe/www.medlife.net/2026-02-17_192742
[19:27:42] [INFO] Threads: 50 | Rate Limit: 300
[19:27:42] [INFO] Go: go1.24.0
[19:27:42] [INFO] Phase 0 completed (0s)
[19:27:42] [PHASE] Phase 1: Root Domain Intelligence
[19:27:42] [INFO] Running WHOIS lookup...
[19:27:42] [INFO] Running ASN enumeration...
[19:27:44] [INFO] ASN subdomains: 0
[19:27:44] [INFO] IP ranges discovered: 0
[19:27:44] [INFO] Phase 1 completed (2s)
[19:27:44] [PHASE] Phase 2: Passive Subdomain Enumeration
[19:27:44] [INFO] Starting subfinder...
[19:27:44] [INFO] Starting amass passive...
[19:27:44] [INFO] Starting crt.sh lookup...
[19:27:44] [INFO] Starting Wayback Machine lookup...
[19:27:44] [INFO] Starting passive API queries...
[19:27:44] [INFO] No GitHub token provided, skipping GitHub dorking.
[19:27:44] [INFO] Waiting for 5 passive sources to complete...
[19:28:28] [INFO]   amass: 2 subdomains
[19:28:28] [INFO]   crtsh: 1 subdomains
[19:28:28] [INFO]   passive_apis: 1 subdomains
[19:28:28] [INFO]   subfinder: 0 subdomains
[19:28:28] [INFO]   wayback: 1 subdomains
[19:28:28] [INFO] Total unique passive subdomains: \033[1m2\033[0m
[19:28:28] [INFO] Phase 2 completed (44s)
[19:28:28] [PHASE] Phase 3: DNS Resolution & Filtering
[19:28:28] [INFO] Resolving 2 subdomains with puredns...
[19:28:54] [INFO] Resolved: 0 alive subdomains
[19:28:54] [INFO] Wildcards: 0
[19:28:54] [INFO] Phase 3 completed (26s)
[19:28:54] [PHASE] Phase 4: Active Discovery (Bruteforce + Permutations)
[19:28:54] [INFO] Bruteforcing subdomains with puredns...
[19:35:36] [INFO] Bruteforce found: 0 subdomains
[19:35:36] [INFO] Phase 4 completed (402s)
[19:35:36] [PHASE] Merging Master Subdomain List
[19:35:36] [INFO] Master subdomain list: \033[1m0\033[0m unique live subdomains
[19:35:36] [PHASE] Phase 5: Port Scanning
[19:35:36] [WARN] No subdomains to port scan.
[19:35:36] [WARN] Phase 5 finished with issues (0s)
[19:35:36] [PHASE] Phase 6: Web Probing
[19:35:36] [WARN] No subdomains to probe.
[19:35:36] [WARN] Phase 6 finished with issues (0s)
[19:35:36] [PHASE] Phase 7: Content Discovery
[19:35:36] [WARN] No live URLs for content discovery.
[19:35:36] [WARN] Phase 7 finished with issues (0s)
[19:35:36] [PHASE] Phase 8: Vulnerability Scanning
[19:35:36] [WARN] No live URLs for vulnerability scanning.
[19:35:36] [WARN] Phase 8 finished with issues (0s)
[19:35:36] [PHASE] Phase 9: Certstream Monitor (Background)
[19:35:36] [INFO] Starting certstream monitor in background (60s sample)...
[19:35:36] [INFO] Certstream PID: 32528 (output: /home/kujen/Bug-Bounty-Script---Web2/YWH-Grawe/www.medlife.net/2026-02-17_192742/phase2_passive/certstream.txt)
[19:35:36] [INFO] To run indefinitely later: python3 /home/kujen/Bug-Bounty-Script---Web2/helpers/certstream_monitor.py --domains www.medlife.net -o certs.txt
[19:35:36] [INFO] Phase 9 completed (0s)
[19:35:36] [PHASE] Phase 10: Reporting & Summary
[19:35:36] [INFO] Waiting for certstream monitor to finish (max 90s)...
[19:36:36] [INFO] Generating consolidated domain report...
[19:36:36] [INFO] Consolidated report saved: \033[1mwww.medlife.net_consolidated_report.txt\033[0m
[19:36:36] [INFO] Full path: /home/kujen/Bug-Bounty-Script---Web2/YWH-Grawe/www.medlife.net/2026-02-17_192742/www.medlife.net_consolidated_report.txt
[19:36:36] [INFO] Phase 10 completed (60s)
[19:36:36] [INFO] All phases complete for www.medlife.net. Results in: \033[1m/home/kujen/Bug-Bounty-Script---Web2/YWH-Grawe/www.medlife.net/2026-02-17_192742\033[0m
[19:36:36] [PHASE] Domain 16/24: www.grawere.com.cy
[19:36:36] [PHASE] Phase 0: Setup & Dependencies
