[20:05:18] [INFO] Program: \033[1mYWH-Grawe\033[0m
[20:05:18] [INFO] Target: \033[1mportal.grawe.at\033[0m
[20:05:18] [INFO] Output: /home/kujen/Bug-Bounty-Script---Web2/YWH-Grawe/portal.grawe.at/2026-02-17_200518
[20:05:18] [INFO] Threads: 50 | Rate Limit: 300
[20:05:19] [INFO] Go: go1.24.0
[20:05:19] [INFO] Phase 0 completed (1s)
[20:05:19] [PHASE] Phase 1: Root Domain Intelligence
[20:05:19] [INFO] Running WHOIS lookup...
[20:05:19] [INFO] Running ASN enumeration...
[20:05:20] [INFO] ASN subdomains: 0
[20:05:20] [INFO] IP ranges discovered: 0
[20:05:20] [INFO] Phase 1 completed (1s)
[20:05:20] [PHASE] Phase 2: Passive Subdomain Enumeration
[20:05:20] [INFO] Starting subfinder...
[20:05:20] [INFO] Starting amass passive...
[20:05:20] [INFO] Starting crt.sh lookup...
[20:05:20] [INFO] Starting Wayback Machine lookup...
[20:05:20] [INFO] Starting passive API queries...
[20:05:20] [INFO] No GitHub token provided, skipping GitHub dorking.
[20:05:20] [INFO] Waiting for 5 passive sources to complete...
[20:05:59] [INFO]   amass: 2 subdomains
[20:05:59] [INFO]   crtsh: 0 subdomains
[20:05:59] [INFO]   passive_apis: 0 subdomains
[20:05:59] [INFO]   subfinder: 0 subdomains
[20:05:59] [INFO]   wayback: 1 subdomains
[20:05:59] [INFO] Total unique passive subdomains: \033[1m2\033[0m
[20:05:59] [INFO] Phase 2 completed (39s)
[20:05:59] [PHASE] Phase 3: DNS Resolution & Filtering
[20:05:59] [INFO] Resolving 2 subdomains with puredns...
[20:06:24] [INFO] Resolved: 0 alive subdomains
[20:06:24] [INFO] Wildcards: 0
[20:06:24] [INFO] Phase 3 completed (25s)
[20:06:24] [PHASE] Phase 4: Active Discovery (Bruteforce + Permutations)
[20:06:24] [INFO] Bruteforcing subdomains with puredns...
[20:13:06] [INFO] Bruteforce found: 0 subdomains
[20:13:06] [INFO] Phase 4 completed (402s)
[20:13:06] [PHASE] Merging Master Subdomain List
[20:13:06] [INFO] Master subdomain list: \033[1m0\033[0m unique live subdomains
[20:13:06] [PHASE] Phase 5: Port Scanning
[20:13:06] [WARN] No subdomains to port scan.
[20:13:06] [WARN] Phase 5 finished with issues (0s)
[20:13:06] [PHASE] Phase 6: Web Probing
[20:13:06] [WARN] No subdomains to probe.
[20:13:06] [WARN] Phase 6 finished with issues (0s)
[20:13:06] [PHASE] Phase 7: Content Discovery
[20:13:06] [WARN] No live URLs for content discovery.
[20:13:06] [WARN] Phase 7 finished with issues (0s)
[20:13:06] [PHASE] Phase 8: Vulnerability Scanning
[20:13:06] [WARN] No live URLs for vulnerability scanning.
[20:13:06] [WARN] Phase 8 finished with issues (0s)
[20:13:06] [PHASE] Phase 9: Certstream Monitor (Background)
[20:13:06] [INFO] Starting certstream monitor in background (60s sample)...
[20:13:06] [INFO] Certstream PID: 35825 (output: /home/kujen/Bug-Bounty-Script---Web2/YWH-Grawe/portal.grawe.at/2026-02-17_200518/phase2_passive/certstream.txt)
[20:13:06] [INFO] To run indefinitely later: python3 /home/kujen/Bug-Bounty-Script---Web2/helpers/certstream_monitor.py --domains portal.grawe.at -o certs.txt
[20:13:06] [INFO] Phase 9 completed (0s)
[20:13:06] [PHASE] Phase 10: Reporting & Summary
[20:13:06] [INFO] Waiting for certstream monitor to finish (max 90s)...
[20:14:06] [INFO] Generating consolidated domain report...
[20:14:06] [INFO] Consolidated report saved: \033[1mportal.grawe.at_consolidated_report.txt\033[0m
[20:14:06] [INFO] Full path: /home/kujen/Bug-Bounty-Script---Web2/YWH-Grawe/portal.grawe.at/2026-02-17_200518/portal.grawe.at_consolidated_report.txt
[20:14:06] [INFO] Phase 10 completed (60s)
[20:14:06] [INFO] All phases complete for portal.grawe.at. Results in: \033[1m/home/kujen/Bug-Bounty-Script---Web2/YWH-Grawe/portal.grawe.at/2026-02-17_200518\033[0m
[20:14:06] [PHASE] Domain 20/24: salesapp-medlife.net
[20:14:06] [PHASE] Phase 0: Setup & Dependencies
