[17:21:00] [INFO] Program: \033[1mYWH-dnv.com\033[0m
[17:21:00] [INFO] Target: \033[1mdnv.de\033[0m
[17:21:00] [INFO] Output: /home/kujen/Bug-Bounty-Script---Web2/YWH-dnv.com/dnv.de/2026-02-09_172100
[17:21:00] [INFO] Threads: 50 | Rate Limit: 300
[17:21:00] [INFO] Go: go1.24.0
[17:21:01] [INFO] Phase 0 completed (1s)
[17:21:01] [PHASE] Phase 1: Root Domain Intelligence
[17:21:01] [INFO] Running WHOIS lookup...
[17:21:01] [INFO] Running ASN enumeration...
[17:21:03] [INFO] ASN subdomains: 0
[17:21:03] [INFO] IP ranges discovered: 0
[17:21:03] [INFO] Phase 1 completed (2s)
[17:21:03] [PHASE] Phase 2: Passive Subdomain Enumeration
[17:21:03] [INFO] Starting subfinder...
[17:21:03] [INFO] Starting amass passive...
[17:21:03] [INFO] Starting crt.sh lookup...
[17:21:03] [INFO] Starting Wayback Machine lookup...
[17:21:03] [INFO] Starting passive API queries...
[17:21:03] [INFO] No GitHub token provided, skipping GitHub dorking.
[17:21:03] [INFO] Waiting for 5 passive sources to complete...
[17:26:15] [WARN] 1 passive source(s) had issues.
[17:26:15] [INFO]   amass: 49 subdomains
[17:26:16] [INFO]   crtsh: 2 subdomains
[17:26:16] [INFO]   passive_apis: 2 subdomains
[17:26:16] [INFO]   subfinder: 1 subdomains
[17:26:16] [INFO]   wayback: 4 subdomains
[17:26:16] [INFO] Total unique passive subdomains: \033[1m53\033[0m
[17:26:16] [INFO] Phase 2 completed (313s)
[17:26:16] [PHASE] Phase 3: DNS Resolution & Filtering
[17:26:16] [INFO] Resolving 53 subdomains with puredns...
[17:26:43] [INFO] Resolved: 2 alive subdomains
[17:26:43] [INFO] Wildcards: 0
[17:26:43] [INFO] Collecting DNS records with dnsx...
[17:26:51] [INFO] CNAME records: 0
[17:26:51] [INFO] Phase 3 completed (35s)
[17:26:51] [PHASE] Phase 4: Active Discovery (Bruteforce + Permutations)
[17:26:51] [INFO] Bruteforcing subdomains with puredns...
[17:33:50] [INFO] Bruteforce found: 1 subdomains
[17:33:50] [INFO] Generating permutations with alterx...
[17:33:52] [INFO] Resolving 690 permutation candidates...
[17:33:58] [INFO] Permutations resolved: 1
[17:33:58] [INFO] Phase 4 completed (427s)
[17:33:58] [PHASE] Merging Master Subdomain List
[17:33:58] [INFO] Master subdomain list: \033[1m2\033[0m unique live subdomains
[17:33:58] [PHASE] Phase 5: Port Scanning
[17:33:58] [INFO] Scanning ports on 2 hosts with naabu...
[17:34:39] [INFO] Open ports found: 997 host:port entries
[17:34:39] [INFO] Hosts with open ports: 2
[17:34:39] [INFO] Phase 5 completed (41s)
[17:34:39] [PHASE] Phase 6: Web Probing
[17:34:39] [INFO] Probing 999 targets with httpx...
[17:34:41] [INFO] Web assets found: 0
[17:34:41] [INFO] Phase 6 completed (2s)
[17:34:41] [PHASE] Phase 7: Content Discovery
[17:34:41] [WARN] No live URLs for content discovery.
[17:34:41] [WARN] Phase 7 finished with issues (0s)
[17:34:41] [PHASE] Phase 8: Vulnerability Scanning
[17:34:41] [WARN] No live URLs for vulnerability scanning.
[17:34:41] [WARN] Phase 8 finished with issues (0s)
[17:34:41] [PHASE] Phase 9: Certstream Monitor (Background)
[17:34:41] [WARN] websocket-client not installed. Installing...
[17:34:42] [WARN] Could not install websocket-client. Skipping certstream.
[17:34:42] [WARN] Phase 9 finished with issues (1s)
[17:34:42] [PHASE] Phase 10: Reporting & Summary
[17:34:42] [INFO] Generating consolidated domain report...
[17:34:42] [INFO] Consolidated report saved: \033[1mdnv.de_consolidated_report.txt\033[0m
[17:34:42] [INFO] Full path: /home/kujen/Bug-Bounty-Script---Web2/YWH-dnv.com/dnv.de/2026-02-09_172100/dnv.de_consolidated_report.txt
[17:34:42] [INFO] Phase 10 completed (0s)
[17:34:42] [INFO] All phases complete for dnv.de. Results in: \033[1m/home/kujen/Bug-Bounty-Script---Web2/YWH-dnv.com/dnv.de/2026-02-09_172100\033[0m
[17:34:42] [PHASE] Domain 12/28: dnv.dk
[17:34:42] [PHASE] Phase 0: Setup & Dependencies
