[17:10:52] [INFO] Program: \033[1mYWH-dnv.com\033[0m
[17:10:52] [INFO] Target: \033[1mdnv.cz\033[0m
[17:10:52] [INFO] Output: /home/kujen/Bug-Bounty-Script---Web2/YWH-dnv.com/dnv.cz/2026-02-09_171052
[17:10:52] [INFO] Threads: 50 | Rate Limit: 300
[17:10:52] [INFO] Go: go1.24.0
[17:10:52] [INFO] Phase 0 completed (0s)
[17:10:52] [PHASE] Phase 1: Root Domain Intelligence
[17:10:52] [INFO] Running WHOIS lookup...
[17:10:52] [INFO] Running ASN enumeration...
[17:10:54] [INFO] ASN subdomains: 0
[17:10:54] [INFO] IP ranges discovered: 0
[17:10:54] [INFO] Phase 1 completed (2s)
[17:10:54] [PHASE] Phase 2: Passive Subdomain Enumeration
[17:10:54] [INFO] Starting subfinder...
[17:10:54] [INFO] Starting amass passive...
[17:10:54] [INFO] Starting crt.sh lookup...
[17:10:54] [INFO] Starting Wayback Machine lookup...
[17:10:54] [INFO] Starting passive API queries...
[17:10:54] [INFO] No GitHub token provided, skipping GitHub dorking.
[17:10:54] [INFO] Waiting for 5 passive sources to complete...
[17:12:35] [INFO]   amass: 10 subdomains
[17:12:35] [INFO]   crtsh: 0 subdomains
[17:12:36] [INFO]   passive_apis: 2 subdomains
[17:12:36] [INFO]   subfinder: 1 subdomains
[17:12:36] [INFO]   wayback: 2 subdomains
[17:12:36] [INFO] Total unique passive subdomains: \033[1m12\033[0m
[17:12:36] [INFO] Phase 2 completed (102s)
[17:12:36] [PHASE] Phase 3: DNS Resolution & Filtering
[17:12:36] [INFO] Resolving 12 subdomains with puredns...
[17:13:02] [INFO] Resolved: 2 alive subdomains
[17:13:02] [INFO] Wildcards: 0
[17:13:02] [INFO] Collecting DNS records with dnsx...
[17:13:18] [INFO] CNAME records: 0
[17:13:18] [INFO] Phase 3 completed (42s)
[17:13:18] [PHASE] Phase 4: Active Discovery (Bruteforce + Permutations)
[17:13:18] [INFO] Bruteforcing subdomains with puredns...
[17:20:08] [INFO] Bruteforce found: 1 subdomains
[17:20:08] [INFO] Generating permutations with alterx...
[17:20:09] [INFO] Resolving 690 permutation candidates...
[17:20:15] [INFO] Permutations resolved: 1
[17:20:15] [INFO] Phase 4 completed (417s)
[17:20:15] [PHASE] Merging Master Subdomain List
[17:20:15] [INFO] Master subdomain list: \033[1m2\033[0m unique live subdomains
[17:20:15] [PHASE] Phase 5: Port Scanning
[17:20:15] [INFO] Scanning ports on 2 hosts with naabu...
[17:20:55] [INFO] Open ports found: 997 host:port entries
[17:20:55] [INFO] Hosts with open ports: 2
[17:20:55] [INFO] Phase 5 completed (40s)
[17:20:55] [PHASE] Phase 6: Web Probing
[17:20:55] [INFO] Probing 999 targets with httpx...
[17:20:59] [INFO] Web assets found: 0
[17:20:59] [INFO] Phase 6 completed (4s)
[17:20:59] [PHASE] Phase 7: Content Discovery
[17:20:59] [WARN] No live URLs for content discovery.
[17:20:59] [WARN] Phase 7 finished with issues (0s)
[17:20:59] [PHASE] Phase 8: Vulnerability Scanning
[17:20:59] [WARN] No live URLs for vulnerability scanning.
[17:20:59] [WARN] Phase 8 finished with issues (0s)
[17:20:59] [PHASE] Phase 9: Certstream Monitor (Background)
[17:20:59] [WARN] websocket-client not installed. Installing...
[17:21:00] [WARN] Could not install websocket-client. Skipping certstream.
[17:21:00] [WARN] Phase 9 finished with issues (1s)
[17:21:00] [PHASE] Phase 10: Reporting & Summary
[17:21:00] [INFO] Generating consolidated domain report...
[17:21:00] [INFO] Consolidated report saved: \033[1mdnv.cz_consolidated_report.txt\033[0m
[17:21:00] [INFO] Full path: /home/kujen/Bug-Bounty-Script---Web2/YWH-dnv.com/dnv.cz/2026-02-09_171052/dnv.cz_consolidated_report.txt
[17:21:00] [INFO] Phase 10 completed (0s)
[17:21:00] [INFO] All phases complete for dnv.cz. Results in: \033[1m/home/kujen/Bug-Bounty-Script---Web2/YWH-dnv.com/dnv.cz/2026-02-09_171052\033[0m
[17:21:00] [PHASE] Domain 11/28: dnv.de
[17:21:00] [PHASE] Phase 0: Setup & Dependencies
