[16:07:16] [INFO] Program: \033[1mYWH-dnv.com\033[0m
[16:07:16] [INFO] Target: \033[1mdnv.co.kr\033[0m
[16:07:16] [INFO] Output: /home/kujen/Bug-Bounty-Script---Web2/YWH-dnv.com/dnv.co.kr/2026-02-09_160716
[16:07:16] [INFO] Threads: 50 | Rate Limit: 300
[16:07:16] [INFO] Go: go1.24.0
[16:07:17] [INFO] Phase 0 completed (1s)
[16:07:17] [PHASE] Phase 1: Root Domain Intelligence
[16:07:17] [INFO] Running WHOIS lookup...
[16:07:17] [INFO] Running ASN enumeration...
[16:07:18] [INFO] ASN subdomains: 0
[16:07:18] [INFO] IP ranges discovered: 0
[16:07:18] [INFO] Phase 1 completed (1s)
[16:07:18] [PHASE] Phase 2: Passive Subdomain Enumeration
[16:07:19] [INFO] Starting subfinder...
[16:07:19] [INFO] Starting amass passive...
[16:07:19] [INFO] Starting crt.sh lookup...
[16:07:19] [INFO] Starting Wayback Machine lookup...
[16:07:19] [INFO] Starting passive API queries...
[16:07:19] [INFO] No GitHub token provided, skipping GitHub dorking.
[16:07:19] [INFO] Waiting for 5 passive sources to complete...
[16:10:10] [INFO]   amass: 0 subdomains
[16:10:10] [INFO]   crtsh: 0 subdomains
[16:10:10] [INFO]   passive_apis: 2 subdomains
[16:10:10] [INFO]   subfinder: 2 subdomains
[16:10:10] [INFO]   wayback: 0 subdomains
[16:10:10] [INFO] Total unique passive subdomains: \033[1m3\033[0m
[16:10:10] [INFO] Phase 2 completed (172s)
[16:10:10] [PHASE] Phase 3: DNS Resolution & Filtering
[16:10:10] [INFO] Resolving 3 subdomains with puredns...
[16:10:36] [INFO] Resolved: 0 alive subdomains
[16:10:36] [INFO] Wildcards: 0
[16:10:36] [INFO] Phase 3 completed (26s)
[16:10:36] [PHASE] Phase 4: Active Discovery (Bruteforce + Permutations)
[16:10:36] [INFO] Bruteforcing subdomains with puredns...
[16:52:36] [INFO] Bruteforce found: 0 subdomains
[16:52:36] [INFO] Phase 4 completed (2520s)
[16:52:36] [PHASE] Merging Master Subdomain List
[16:52:36] [INFO] Master subdomain list: \033[1m0\033[0m unique live subdomains
[16:52:36] [PHASE] Phase 5: Port Scanning
[16:52:36] [WARN] No subdomains to port scan.
[16:52:36] [WARN] Phase 5 finished with issues (0s)
[16:52:36] [PHASE] Phase 6: Web Probing
[16:52:36] [WARN] No subdomains to probe.
[16:52:36] [WARN] Phase 6 finished with issues (0s)
[16:52:36] [PHASE] Phase 7: Content Discovery
[16:52:36] [WARN] No live URLs for content discovery.
[16:52:36] [WARN] Phase 7 finished with issues (0s)
[16:52:36] [PHASE] Phase 8: Vulnerability Scanning
[16:52:36] [WARN] No live URLs for vulnerability scanning.
[16:52:36] [WARN] Phase 8 finished with issues (0s)
[16:52:36] [PHASE] Phase 9: Certstream Monitor (Background)
[16:52:36] [WARN] websocket-client not installed. Installing...
[16:52:37] [WARN] Could not install websocket-client. Skipping certstream.
[16:52:37] [WARN] Phase 9 finished with issues (1s)
[16:52:37] [PHASE] Phase 10: Reporting & Summary
[16:52:37] [INFO] Generating consolidated domain report...
[16:52:37] [INFO] Consolidated report saved: \033[1mdnv.co.kr_consolidated_report.txt\033[0m
[16:52:37] [INFO] Full path: /home/kujen/Bug-Bounty-Script---Web2/YWH-dnv.com/dnv.co.kr/2026-02-09_160716/dnv.co.kr_consolidated_report.txt
[16:52:37] [INFO] Phase 10 completed (0s)
[16:52:37] [INFO] All phases complete for dnv.co.kr. Results in: \033[1m/home/kujen/Bug-Bounty-Script---Web2/YWH-dnv.com/dnv.co.kr/2026-02-09_160716\033[0m
[16:52:37] [PHASE] Domain 8/28: dnv.co.uk
[16:52:37] [PHASE] Phase 0: Setup & Dependencies
