[18:14:15] [INFO] Program: \033[1mYWH-dnv.com\033[0m
[18:14:15] [INFO] Target: \033[1mdnv.hr\033[0m
[18:14:15] [INFO] Output: /home/kujen/Bug-Bounty-Script---Web2/YWH-dnv.com/dnv.hr/2026-02-09_181415
[18:14:15] [INFO] Threads: 50 | Rate Limit: 300
[18:14:15] [INFO] Go: go1.24.0
[18:14:15] [INFO] Phase 0 completed (0s)
[18:14:15] [PHASE] Phase 1: Root Domain Intelligence
[18:14:15] [INFO] Running WHOIS lookup...
[18:14:15] [INFO] Running ASN enumeration...
[18:14:17] [INFO] ASN subdomains: 0
[18:14:17] [INFO] IP ranges discovered: 0
[18:14:17] [INFO] Phase 1 completed (2s)
[18:14:17] [PHASE] Phase 2: Passive Subdomain Enumeration
[18:14:17] [INFO] Starting subfinder...
[18:14:17] [INFO] Starting amass passive...
[18:14:17] [INFO] Starting crt.sh lookup...
[18:14:17] [INFO] Starting Wayback Machine lookup...
[18:14:17] [INFO] Starting passive API queries...
[18:14:17] [INFO] No GitHub token provided, skipping GitHub dorking.
[18:14:17] [INFO] Waiting for 5 passive sources to complete...
[18:15:43] [INFO]   amass: 0 subdomains
[18:15:43] [INFO]   crtsh: 2 subdomains
[18:15:43] [INFO]   passive_apis: 2 subdomains
[18:15:43] [INFO]   subfinder: 1 subdomains
[18:15:43] [INFO]   wayback: 0 subdomains
[18:15:43] [INFO] Total unique passive subdomains: \033[1m2\033[0m
[18:15:43] [INFO] Phase 2 completed (86s)
[18:15:43] [PHASE] Phase 3: DNS Resolution & Filtering
[18:15:43] [INFO] Resolving 2 subdomains with puredns...
[18:16:09] [INFO] Resolved: 0 alive subdomains
[18:16:09] [INFO] Wildcards: 0
[18:16:09] [INFO] Phase 3 completed (26s)
[18:16:09] [PHASE] Phase 4: Active Discovery (Bruteforce + Permutations)
[18:16:09] [INFO] Bruteforcing subdomains with puredns...
[18:23:07] [INFO] Bruteforce found: 1 subdomains
[18:23:07] [INFO] Generating permutations with alterx...
[18:23:10] [INFO] Resolving 690 permutation candidates...
[18:23:15] [INFO] Permutations resolved: 1
[18:23:15] [INFO] Phase 4 completed (426s)
[18:23:15] [PHASE] Merging Master Subdomain List
[18:23:15] [INFO] Master subdomain list: \033[1m1\033[0m unique live subdomains
[18:23:15] [PHASE] Phase 5: Port Scanning
[18:23:15] [INFO] Scanning ports on 1 hosts with naabu...
[18:23:39] [INFO] Open ports found: 4 host:port entries
[18:23:40] [INFO] Hosts with open ports: 1
[18:23:40] [INFO] Phase 5 completed (25s)
[18:23:40] [PHASE] Phase 6: Web Probing
[18:23:40] [INFO] Probing 5 targets with httpx...
[18:23:41] [INFO] Web assets found: 0
[18:23:41] [INFO] Phase 6 completed (1s)
[18:23:41] [PHASE] Phase 7: Content Discovery
[18:23:41] [WARN] No live URLs for content discovery.
[18:23:42] [WARN] Phase 7 finished with issues (1s)
[18:23:42] [PHASE] Phase 8: Vulnerability Scanning
[18:23:42] [WARN] No live URLs for vulnerability scanning.
[18:23:42] [WARN] Phase 8 finished with issues (0s)
[18:23:42] [PHASE] Phase 9: Certstream Monitor (Background)
[18:23:42] [WARN] websocket-client not installed. Installing...
[18:23:44] [WARN] Could not install websocket-client. Skipping certstream.
[18:23:44] [WARN] Phase 9 finished with issues (2s)
[18:23:44] [PHASE] Phase 10: Reporting & Summary
[18:23:44] [INFO] Generating consolidated domain report...
[18:23:44] [INFO] Consolidated report saved: \033[1mdnv.hr_consolidated_report.txt\033[0m
[18:23:44] [INFO] Full path: /home/kujen/Bug-Bounty-Script---Web2/YWH-dnv.com/dnv.hr/2026-02-09_181415/dnv.hr_consolidated_report.txt
[18:23:44] [INFO] Phase 10 completed (0s)
[18:23:44] [INFO] All phases complete for dnv.hr. Results in: \033[1m/home/kujen/Bug-Bounty-Script---Web2/YWH-dnv.com/dnv.hr/2026-02-09_181415\033[0m
[18:23:44] [PHASE] Domain 17/28: dnv.hu
[18:23:44] [PHASE] Phase 0: Setup & Dependencies
