[15:37:34] [INFO] Program: \033[1mYWH-dnv.com\033[0m
[15:37:34] [INFO] Target: \033[1mdnv.be\033[0m
[15:37:34] [INFO] Output: /home/kujen/Bug-Bounty-Script---Web2/YWH-dnv.com/dnv.be/2026-02-09_153734
[15:37:34] [INFO] Threads: 50 | Rate Limit: 300
[15:37:34] [INFO] Go: go1.24.0
[15:37:34] [INFO] Phase 0 completed (0s)
[15:37:34] [PHASE] Phase 1: Root Domain Intelligence
[15:37:34] [INFO] Running WHOIS lookup...
[15:37:34] [INFO] Running ASN enumeration...
[15:37:37] [INFO] ASN subdomains: 0
[15:37:37] [INFO] IP ranges discovered: 0
[15:37:37] [INFO] Phase 1 completed (3s)
[15:37:37] [PHASE] Phase 2: Passive Subdomain Enumeration
[15:37:37] [INFO] Starting subfinder...
[15:37:37] [INFO] Starting amass passive...
[15:37:37] [INFO] Starting crt.sh lookup...
[15:37:37] [INFO] Starting Wayback Machine lookup...
[15:37:37] [INFO] Starting passive API queries...
[15:37:37] [INFO] No GitHub token provided, skipping GitHub dorking.
[15:37:37] [INFO] Waiting for 5 passive sources to complete...
[15:39:05] [INFO]   amass: 2 subdomains
[15:39:05] [INFO]   crtsh: 0 subdomains
[15:39:05] [INFO]   passive_apis: 2 subdomains
[15:39:05] [INFO]   subfinder: 1 subdomains
[15:39:05] [INFO]   wayback: 0 subdomains
[15:39:05] [INFO] Total unique passive subdomains: \033[1m4\033[0m
[15:39:05] [INFO] Phase 2 completed (88s)
[15:39:05] [PHASE] Phase 3: DNS Resolution & Filtering
[15:39:05] [INFO] Resolving 4 subdomains with puredns...
[15:39:31] [INFO] Resolved: 2 alive subdomains
[15:39:31] [INFO] Wildcards: 0
[15:39:31] [INFO] Collecting DNS records with dnsx...
[15:39:42] [INFO] CNAME records: 0
[15:39:42] [INFO] Phase 3 completed (37s)
[15:39:42] [PHASE] Phase 4: Active Discovery (Bruteforce + Permutations)
[15:39:42] [INFO] Bruteforcing subdomains with puredns...
[15:46:23] [INFO] Bruteforce found: 1 subdomains
[15:46:23] [INFO] Generating permutations with alterx...
[15:46:24] [INFO] Resolving 690 permutation candidates...
[15:46:30] [INFO] Permutations resolved: 1
[15:46:30] [INFO] Phase 4 completed (408s)
[15:46:30] [PHASE] Merging Master Subdomain List
[15:46:30] [INFO] Master subdomain list: \033[1m2\033[0m unique live subdomains
[15:46:30] [PHASE] Phase 5: Port Scanning
[15:46:30] [INFO] Scanning ports on 2 hosts with naabu...
[15:47:11] [INFO] Open ports found: 997 host:port entries
[15:47:11] [INFO] Hosts with open ports: 2
[15:47:11] [INFO] Phase 5 completed (41s)
[15:47:11] [PHASE] Phase 6: Web Probing
[15:47:11] [INFO] Probing 999 targets with httpx...
[15:47:14] [INFO] Web assets found: 0
[15:47:14] [INFO] Phase 6 completed (3s)
[15:47:14] [PHASE] Phase 7: Content Discovery
[15:47:14] [WARN] No live URLs for content discovery.
[15:47:14] [WARN] Phase 7 finished with issues (0s)
[15:47:14] [PHASE] Phase 8: Vulnerability Scanning
[15:47:14] [WARN] No live URLs for vulnerability scanning.
[15:47:14] [WARN] Phase 8 finished with issues (0s)
[15:47:14] [PHASE] Phase 9: Certstream Monitor (Background)
[15:47:14] [WARN] websocket-client not installed. Installing...
[15:47:15] [WARN] Could not install websocket-client. Skipping certstream.
[15:47:15] [WARN] Phase 9 finished with issues (1s)
[15:47:15] [PHASE] Phase 10: Reporting & Summary
[15:47:15] [INFO] Generating consolidated domain report...
[15:47:15] [INFO] Consolidated report saved: \033[1mdnv.be_consolidated_report.txt\033[0m
[15:47:15] [INFO] Full path: /home/kujen/Bug-Bounty-Script---Web2/YWH-dnv.com/dnv.be/2026-02-09_153734/dnv.be_consolidated_report.txt
[15:47:15] [INFO] Phase 10 completed (0s)
[15:47:15] [INFO] All phases complete for dnv.be. Results in: \033[1m/home/kujen/Bug-Bounty-Script---Web2/YWH-dnv.com/dnv.be/2026-02-09_153734\033[0m
[15:47:15] [PHASE] Domain 5/28: dnv.com.br
[15:47:15] [PHASE] Phase 0: Setup & Dependencies
