[15:40:10] [INFO] Program: \033[1mYWH-dnv.com\033[0m
[15:40:10] [INFO] Target: \033[1mdnv.sg\033[0m
[15:40:10] [INFO] Output: /home/kujen/Bug-Bounty-Script---Web2/YWH-dnv.com/dnv.sg/2026-02-10_154010
[15:40:10] [INFO] Threads: 50 | Rate Limit: 300
[15:40:10] [INFO] Go: go1.24.0
[15:40:11] [INFO] Phase 0 completed (1s)
[15:40:11] [PHASE] Phase 1: Root Domain Intelligence
[15:40:11] [INFO] Running WHOIS lookup...
[15:40:11] [INFO] Running ASN enumeration...
[15:40:13] [INFO] ASN subdomains: 0
[15:40:13] [INFO] IP ranges discovered: 0
[15:40:13] [INFO] Phase 1 completed (2s)
[15:40:13] [PHASE] Phase 2: Passive Subdomain Enumeration
[15:40:13] [INFO] Starting subfinder...
[15:40:13] [INFO] Starting amass passive...
[15:40:13] [INFO] Starting crt.sh lookup...
[15:40:13] [INFO] Starting Wayback Machine lookup...
[15:40:13] [INFO] Starting passive API queries...
[15:40:13] [INFO] No GitHub token provided, skipping GitHub dorking.
[15:40:13] [INFO] Waiting for 5 passive sources to complete...
[15:41:08] [INFO]   amass: 2 subdomains
[15:41:08] [INFO]   crtsh: 2 subdomains
[15:41:08] [INFO]   passive_apis: 1 subdomains
[15:41:08] [INFO]   subfinder: 1 subdomains
[15:41:08] [INFO]   wayback: 2 subdomains
[15:41:08] [INFO] Total unique passive subdomains: \033[1m2\033[0m
[15:41:08] [INFO] Phase 2 completed (55s)
[15:41:08] [PHASE] Phase 3: DNS Resolution & Filtering
[15:41:08] [INFO] Resolving 2 subdomains with puredns...
[15:41:34] [INFO] Resolved: 0 alive subdomains
[15:41:34] [INFO] Wildcards: 0
[15:41:34] [INFO] Phase 3 completed (26s)
[15:41:34] [PHASE] Phase 4: Active Discovery (Bruteforce + Permutations)
[15:41:34] [INFO] Bruteforcing subdomains with puredns...
[15:48:16] [INFO] Bruteforce found: 1 subdomains
[15:48:16] [INFO] Generating permutations with alterx...
[15:48:17] [INFO] Resolving 690 permutation candidates...
[15:48:23] [INFO] Permutations resolved: 1
[15:48:23] [INFO] Phase 4 completed (409s)
[15:48:23] [PHASE] Merging Master Subdomain List
[15:48:23] [INFO] Master subdomain list: \033[1m1\033[0m unique live subdomains
[15:48:23] [PHASE] Phase 5: Port Scanning
[15:48:23] [INFO] Scanning ports on 1 hosts with naabu...
[15:48:47] [INFO] Open ports found: 4 host:port entries
[15:48:47] [INFO] Hosts with open ports: 1
[15:48:47] [INFO] Phase 5 completed (24s)
[15:48:47] [PHASE] Phase 6: Web Probing
[15:48:47] [INFO] Probing 5 targets with httpx...
[15:48:53] [INFO] Web assets found: 5
[15:48:53] [INFO]   200 OK: 3
[15:48:53] [INFO]   403 Forbidden: 2
[15:48:53] [INFO]   Other status codes also categorized in by_status/
[15:48:53] [INFO] Phase 6 completed (6s)
[15:48:53] [PHASE] Phase 7: Content Discovery
[15:48:53] [INFO] Starting katana crawl...
[15:48:53] [INFO] Starting gau historical URL fetch...
[15:50:18] [INFO] Katana URLs: 127
[15:50:18] [INFO] GAU URLs: 5398
[15:50:18] [INFO] Total unique URLs: 5478
[15:50:18] [INFO] JavaScript files: 346
[15:50:18] [INFO] Analyzing 346 JavaScript files for endpoints, secrets, and URLs...
[15:55:55] [INFO]   Endpoints: 0
[15:55:55] [INFO]   URLs: 0
[15:55:55] [INFO]   Secrets: 0
[15:55:55] [INFO]   Emails: 0
[15:55:55] [INFO]   Files: 0
[15:55:55] [INFO] Phase 7 completed (422s)
[15:55:55] [PHASE] Phase 8: Vulnerability Scanning
[15:55:55] [INFO] Running nuclei on 5 live URLs...
[15:55:56] [INFO] Total findings: 0
[15:55:56] [INFO] Phase 8 completed (1s)
[15:55:56] [PHASE] Phase 9: Certstream Monitor (Background)
[15:55:56] [INFO] Starting certstream monitor in background (60s sample)...
[15:55:56] [INFO] Certstream PID: 59082 (output: /home/kujen/Bug-Bounty-Script---Web2/YWH-dnv.com/dnv.sg/2026-02-10_154010/phase2_passive/certstream.txt)
[15:55:56] [INFO] To run indefinitely later: python3 /home/kujen/Bug-Bounty-Script---Web2/helpers/certstream_monitor.py --domains dnv.sg -o certs.txt
[15:55:56] [INFO] Phase 9 completed (0s)
[15:55:56] [PHASE] Phase 10: Reporting & Summary
[15:55:57] [INFO] Waiting for certstream monitor to finish (max 90s)...
[15:56:57] [INFO] Generating consolidated domain report...
[15:56:57] [INFO] Consolidated report saved: \033[1mdnv.sg_consolidated_report.txt\033[0m
[15:56:57] [INFO] Full path: /home/kujen/Bug-Bounty-Script---Web2/YWH-dnv.com/dnv.sg/2026-02-10_154010/dnv.sg_consolidated_report.txt
[15:56:57] [INFO] Phase 10 completed (61s)
[15:56:57] [INFO] All phases complete for dnv.sg. Results in: \033[1m/home/kujen/Bug-Bounty-Script---Web2/YWH-dnv.com/dnv.sg/2026-02-10_154010\033[0m
[15:56:57] [PHASE] Domain 10/12: dnv.sk
[15:56:57] [PHASE] Phase 0: Setup & Dependencies
